{
  "version": "1.5.0",
  "plugins_used": [
    {
      "name": "ArtifactoryDetector"
    },
    {
      "name": "AWSKeyDetector"
    },
    {
      "name": "AzureStorageKeyDetector"
    },
    {
      "name": "Base64HighEntropyString",
      "limit": 4.5
    },
    {
      "name": "BasicAuthDetector"
    },
    {
      "name": "CloudantDetector"
    },
    {
      "name": "DiscordBotTokenDetector"
    },
    {
      "name": "GitHubTokenDetector"
    },
    {
      "name": "GitLabTokenDetector"
    },
    {
      "name": "HexHighEntropyString",
      "limit": 3.0
    },
    {
      "name": "IbmCloudIamDetector"
    },
    {
      "name": "IbmCosHmacDetector"
    },
    {
      "name": "IPPublicDetector"
    },
    {
      "name": "JwtTokenDetector"
    },
    {
      "name": "KeywordDetector",
      "keyword_exclude": ""
    },
    {
      "name": "MailchimpDetector"
    },
    {
      "name": "NpmDetector"
    },
    {
      "name": "OpenAIDetector"
    },
    {
      "name": "PrivateKeyDetector"
    },
    {
      "name": "PypiTokenDetector"
    },
    {
      "name": "SendGridDetector"
    },
    {
      "name": "SlackDetector"
    },
    {
      "name": "SoftlayerDetector"
    },
    {
      "name": "SquareOAuthDetector"
    },
    {
      "name": "StripeDetector"
    },
    {
      "name": "TelegramBotTokenDetector"
    },
    {
      "name": "TwilioKeyDetector"
    }
  ],
  "filters_used": [
    {
      "path": "detect_secrets.filters.allowlist.is_line_allowlisted"
    },
    {
      "path": "detect_secrets.filters.common.is_baseline_file",
      "filename": ".secrets.baseline"
    },
    {
      "path": "detect_secrets.filters.common.is_ignored_due_to_verification_policies",
      "min_level": 2
    },
    {
      "path": "detect_secrets.filters.heuristic.is_indirect_reference"
    },
    {
      "path": "detect_secrets.filters.heuristic.is_likely_id_string"
    },
    {
      "path": "detect_secrets.filters.heuristic.is_lock_file"
    },
    {
      "path": "detect_secrets.filters.heuristic.is_not_alphanumeric_string"
    },
    {
      "path": "detect_secrets.filters.heuristic.is_potential_uuid"
    },
    {
      "path": "detect_secrets.filters.heuristic.is_prefixed_with_dollar_sign"
    },
    {
      "path": "detect_secrets.filters.heuristic.is_sequential_string"
    },
    {
      "path": "detect_secrets.filters.heuristic.is_swagger_file"
    },
    {
      "path": "detect_secrets.filters.heuristic.is_templated_secret"
    }
  ],
  "results": {
    "llm_pipeline/llm_client.py": [
      {
        "type": "Secret Keyword",
        "filename": "llm_pipeline/llm_client.py",
        "hashed_secret": "8ed4322e8e2790b8c928d381ce8d07cfd966e909",
        "is_verified": false,
        "line_number": 58
      }
    ],
    "tests/data/evaluation/test_feed.xml": [
      {
        "type": "JSON Web Token",
        "filename": "tests/data/evaluation/test_feed.xml",
        "hashed_secret": "e592d6d3258f569d92a25f4edc162bcacd401ce7",
        "is_verified": false,
        "line_number": 2
      },
      {
        "type": "Hex High Entropy String",
        "filename": "tests/data/evaluation/test_feed.xml",
        "hashed_secret": "09f796931edaf6cb216a30a7b9317c94ec92d072",
        "is_verified": false,
        "line_number": 3
      },
      {
        "type": "Hex High Entropy String",
        "filename": "tests/data/evaluation/test_feed.xml",
        "hashed_secret": "12a9b46dbb97ef61df7c9ace68e31dc1eb0b5895",
        "is_verified": false,
        "line_number": 3
      },
      {
        "type": "Hex High Entropy String",
        "filename": "tests/data/evaluation/test_feed.xml",
        "hashed_secret": "26bba69d4aa311243745f6d92e4df1f4f83f2153",
        "is_verified": false,
        "line_number": 3
      },
      {
        "type": "Hex High Entropy String",
        "filename": "tests/data/evaluation/test_feed.xml",
        "hashed_secret": "3dbba7c7df630365df8fb2689168c35aef761337",
        "is_verified": false,
        "line_number": 3
      },
      {
        "type": "Hex High Entropy String",
        "filename": "tests/data/evaluation/test_feed.xml",
        "hashed_secret": "444aa9f99f01a4fc6f742f80e1b764d8e5499a0c",
        "is_verified": false,
        "line_number": 3
      },
      {
        "type": "Hex High Entropy String",
        "filename": "tests/data/evaluation/test_feed.xml",
        "hashed_secret": "4514add41bfa0bdac2fd0d71ac83609e98decf5b",
        "is_verified": false,
        "line_number": 3
      },
      {
        "type": "Hex High Entropy String",
        "filename": "tests/data/evaluation/test_feed.xml",
        "hashed_secret": "45c9ebcb269980c07aa547d09a360672143fa291",
        "is_verified": false,
        "line_number": 3
      },
      {
        "type": "Hex High Entropy String",
        "filename": "tests/data/evaluation/test_feed.xml",
        "hashed_secret": "5130aa7cc12136f20e273e61b27110eb5e1ea35e",
        "is_verified": false,
        "line_number": 3
      },
      {
        "type": "Hex High Entropy String",
        "filename": "tests/data/evaluation/test_feed.xml",
        "hashed_secret": "84b618b70e4cf829cf1dd1c6f5db99cca2b1559e",
        "is_verified": false,
        "line_number": 3
      },
      {
        "type": "Hex High Entropy String",
        "filename": "tests/data/evaluation/test_feed.xml",
        "hashed_secret": "9868fe3d1951d15fef9804b0c1aed5474138d031",
        "is_verified": false,
        "line_number": 3
      },
      {
        "type": "Hex High Entropy String",
        "filename": "tests/data/evaluation/test_feed.xml",
        "hashed_secret": "a9a5e0fa57b087310e7067e0066f5312fc578b45",
        "is_verified": false,
        "line_number": 3
      },
      {
        "type": "Hex High Entropy String",
        "filename": "tests/data/evaluation/test_feed.xml",
        "hashed_secret": "b51952d0deb79fe0387221134c96bfa429b8ff71",
        "is_verified": false,
        "line_number": 3
      },
      {
        "type": "Hex High Entropy String",
        "filename": "tests/data/evaluation/test_feed.xml",
        "hashed_secret": "bf99fd698d92ab6956924f899381e44bfa1f5323",
        "is_verified": false,
        "line_number": 3
      },
      {
        "type": "Hex High Entropy String",
        "filename": "tests/data/evaluation/test_feed.xml",
        "hashed_secret": "0c6985a7941862b9be553bf15a019c55a0e084c2",
        "is_verified": false,
        "line_number": 4
      },
      {
        "type": "Hex High Entropy String",
        "filename": "tests/data/evaluation/test_feed.xml",
        "hashed_secret": "1fc13c5aa595156907f25968f5519d98018f533f",
        "is_verified": false,
        "line_number": 4
      },
      {
        "type": "Hex High Entropy String",
        "filename": "tests/data/evaluation/test_feed.xml",
        "hashed_secret": "26b31c346618814879dbdf0d48c4260b07f7f9e1",
        "is_verified": false,
        "line_number": 4
      },
      {
        "type": "Hex High Entropy String",
        "filename": "tests/data/evaluation/test_feed.xml",
        "hashed_secret": "77555708d06370f3f726735a0b2ca6b0b08a6026",
        "is_verified": false,
        "line_number": 4
      },
      {
        "type": "Hex High Entropy String",
        "filename": "tests/data/evaluation/test_feed.xml",
        "hashed_secret": "792fc239960a13914aca8ffb237f4337ba3d6677",
        "is_verified": false,
        "line_number": 4
      },
      {
        "type": "Hex High Entropy String",
        "filename": "tests/data/evaluation/test_feed.xml",
        "hashed_secret": "7ea034741d5a2b9f5cb334d7ecf88b16a3705364",
        "is_verified": false,
        "line_number": 4
      },
      {
        "type": "Hex High Entropy String",
        "filename": "tests/data/evaluation/test_feed.xml",
        "hashed_secret": "8280755d91d41dc5aec8280f915382f9529a2089",
        "is_verified": false,
        "line_number": 4
      },
      {
        "type": "Hex High Entropy String",
        "filename": "tests/data/evaluation/test_feed.xml",
        "hashed_secret": "82a3dc518f181baf240de920e254a1f1b13a2ca6",
        "is_verified": false,
        "line_number": 4
      },
      {
        "type": "Hex High Entropy String",
        "filename": "tests/data/evaluation/test_feed.xml",
        "hashed_secret": "abc8e1180cf19b5d73a77bb2897e32c92feecb66",
        "is_verified": false,
        "line_number": 4
      },
      {
        "type": "Hex High Entropy String",
        "filename": "tests/data/evaluation/test_feed.xml",
        "hashed_secret": "c70412fcefe387c95fcf5ca34fa3415b3d70cd9b",
        "is_verified": false,
        "line_number": 4
      },
      {
        "type": "Hex High Entropy String",
        "filename": "tests/data/evaluation/test_feed.xml",
        "hashed_secret": "cbcd3a321bf4a0f506d3c0194b1587899d9b1fb9",
        "is_verified": false,
        "line_number": 4
      },
      {
        "type": "Hex High Entropy String",
        "filename": "tests/data/evaluation/test_feed.xml",
        "hashed_secret": "d9366a242c1cb8bb96a516a4073263de9e3f1764",
        "is_verified": false,
        "line_number": 4
      },
      {
        "type": "Hex High Entropy String",
        "filename": "tests/data/evaluation/test_feed.xml",
        "hashed_secret": "f4eff32b1718870c569d77baaf1e51bb3eef5db5",
        "is_verified": false,
        "line_number": 4
      },
      {
        "type": "Hex High Entropy String",
        "filename": "tests/data/evaluation/test_feed.xml",
        "hashed_secret": "f5f507d794cb3ef87380a6c42da37944bc6c7b9d",
        "is_verified": false,
        "line_number": 4
      },
      {
        "type": "Hex High Entropy String",
        "filename": "tests/data/evaluation/test_feed.xml",
        "hashed_secret": "f9968edaec6977ddad699b45127d4f7b5f0a6f38",
        "is_verified": false,
        "line_number": 4
      }
    ],
    "tests/data/ollama_tags.json": [
      {
        "type": "Hex High Entropy String",
        "filename": "tests/data/ollama_tags.json",
        "hashed_secret": "14331e17767b36da5ff66eb727f803e8a795599c",
        "is_verified": false,
        "line_number": 8
      },
      {
        "type": "Hex High Entropy String",
        "filename": "tests/data/ollama_tags.json",
        "hashed_secret": "4b629c6e59e749cf384506d84b6c130c9923eac3",
        "is_verified": false,
        "line_number": 23
      },
      {
        "type": "Hex High Entropy String",
        "filename": "tests/data/ollama_tags.json",
        "hashed_secret": "3411335bfc505113bf1250cf2944053c3cd0f5db",
        "is_verified": false,
        "line_number": 38
      }
    ],
    "tests/data/robotics_ieee_spectrum_rss.xml": [
      {
        "type": "JSON Web Token",
        "filename": "tests/data/robotics_ieee_spectrum_rss.xml",
        "hashed_secret": "e592d6d3258f569d92a25f4edc162bcacd401ce7",
        "is_verified": false,
        "line_number": 2
      },
      {
        "type": "Hex High Entropy String",
        "filename": "tests/data/robotics_ieee_spectrum_rss.xml",
        "hashed_secret": "09f796931edaf6cb216a30a7b9317c94ec92d072",
        "is_verified": false,
        "line_number": 3
      },
      {
        "type": "Hex High Entropy String",
        "filename": "tests/data/robotics_ieee_spectrum_rss.xml",
        "hashed_secret": "12a9b46dbb97ef61df7c9ace68e31dc1eb0b5895",
        "is_verified": false,
        "line_number": 3
      },
      {
        "type": "Hex High Entropy String",
        "filename": "tests/data/robotics_ieee_spectrum_rss.xml",
        "hashed_secret": "26bba69d4aa311243745f6d92e4df1f4f83f2153",
        "is_verified": false,
        "line_number": 3
      },
      {
        "type": "Hex High Entropy String",
        "filename": "tests/data/robotics_ieee_spectrum_rss.xml",
        "hashed_secret": "3dbba7c7df630365df8fb2689168c35aef761337",
        "is_verified": false,
        "line_number": 3
      },
      {
        "type": "Hex High Entropy String",
        "filename": "tests/data/robotics_ieee_spectrum_rss.xml",
        "hashed_secret": "444aa9f99f01a4fc6f742f80e1b764d8e5499a0c",
        "is_verified": false,
        "line_number": 3
      },
      {
        "type": "Hex High Entropy String",
        "filename": "tests/data/robotics_ieee_spectrum_rss.xml",
        "hashed_secret": "4514add41bfa0bdac2fd0d71ac83609e98decf5b",
        "is_verified": false,
        "line_number": 3
      },
      {
        "type": "Hex High Entropy String",
        "filename": "tests/data/robotics_ieee_spectrum_rss.xml",
        "hashed_secret": "45c9ebcb269980c07aa547d09a360672143fa291",
        "is_verified": false,
        "line_number": 3
      },
      {
        "type": "Hex High Entropy String",
        "filename": "tests/data/robotics_ieee_spectrum_rss.xml",
        "hashed_secret": "5130aa7cc12136f20e273e61b27110eb5e1ea35e",
        "is_verified": false,
        "line_number": 3
      },
      {
        "type": "Hex High Entropy String",
        "filename": "tests/data/robotics_ieee_spectrum_rss.xml",
        "hashed_secret": "84b618b70e4cf829cf1dd1c6f5db99cca2b1559e",
        "is_verified": false,
        "line_number": 3
      },
      {
        "type": "Hex High Entropy String",
        "filename": "tests/data/robotics_ieee_spectrum_rss.xml",
        "hashed_secret": "9868fe3d1951d15fef9804b0c1aed5474138d031",
        "is_verified": false,
        "line_number": 3
      },
      {
        "type": "Hex High Entropy String",
        "filename": "tests/data/robotics_ieee_spectrum_rss.xml",
        "hashed_secret": "a9a5e0fa57b087310e7067e0066f5312fc578b45",
        "is_verified": false,
        "line_number": 3
      },
      {
        "type": "Hex High Entropy String",
        "filename": "tests/data/robotics_ieee_spectrum_rss.xml",
        "hashed_secret": "b51952d0deb79fe0387221134c96bfa429b8ff71",
        "is_verified": false,
        "line_number": 3
      },
      {
        "type": "Hex High Entropy String",
        "filename": "tests/data/robotics_ieee_spectrum_rss.xml",
        "hashed_secret": "bf99fd698d92ab6956924f899381e44bfa1f5323",
        "is_verified": false,
        "line_number": 3
      },
      {
        "type": "Hex High Entropy String",
        "filename": "tests/data/robotics_ieee_spectrum_rss.xml",
        "hashed_secret": "0c6985a7941862b9be553bf15a019c55a0e084c2",
        "is_verified": false,
        "line_number": 4
      },
      {
        "type": "Hex High Entropy String",
        "filename": "tests/data/robotics_ieee_spectrum_rss.xml",
        "hashed_secret": "1fc13c5aa595156907f25968f5519d98018f533f",
        "is_verified": false,
        "line_number": 4
      },
      {
        "type": "Hex High Entropy String",
        "filename": "tests/data/robotics_ieee_spectrum_rss.xml",
        "hashed_secret": "26b31c346618814879dbdf0d48c4260b07f7f9e1",
        "is_verified": false,
        "line_number": 4
      },
      {
        "type": "Hex High Entropy String",
        "filename": "tests/data/robotics_ieee_spectrum_rss.xml",
        "hashed_secret": "77555708d06370f3f726735a0b2ca6b0b08a6026",
        "is_verified": false,
        "line_number": 4
      },
      {
        "type": "Hex High Entropy String",
        "filename": "tests/data/robotics_ieee_spectrum_rss.xml",
        "hashed_secret": "792fc239960a13914aca8ffb237f4337ba3d6677",
        "is_verified": false,
        "line_number": 4
      },
      {
        "type": "Hex High Entropy String",
        "filename": "tests/data/robotics_ieee_spectrum_rss.xml",
        "hashed_secret": "7ea034741d5a2b9f5cb334d7ecf88b16a3705364",
        "is_verified": false,
        "line_number": 4
      },
      {
        "type": "Hex High Entropy String",
        "filename": "tests/data/robotics_ieee_spectrum_rss.xml",
        "hashed_secret": "8280755d91d41dc5aec8280f915382f9529a2089",
        "is_verified": false,
        "line_number": 4
      },
      {
        "type": "Hex High Entropy String",
        "filename": "tests/data/robotics_ieee_spectrum_rss.xml",
        "hashed_secret": "82a3dc518f181baf240de920e254a1f1b13a2ca6",
        "is_verified": false,
        "line_number": 4
      },
      {
        "type": "Hex High Entropy String",
        "filename": "tests/data/robotics_ieee_spectrum_rss.xml",
        "hashed_secret": "abc8e1180cf19b5d73a77bb2897e32c92feecb66",
        "is_verified": false,
        "line_number": 4
      },
      {
        "type": "Hex High Entropy String",
        "filename": "tests/data/robotics_ieee_spectrum_rss.xml",
        "hashed_secret": "c70412fcefe387c95fcf5ca34fa3415b3d70cd9b",
        "is_verified": false,
        "line_number": 4
      },
      {
        "type": "Hex High Entropy String",
        "filename": "tests/data/robotics_ieee_spectrum_rss.xml",
        "hashed_secret": "cbcd3a321bf4a0f506d3c0194b1587899d9b1fb9",
        "is_verified": false,
        "line_number": 4
      },
      {
        "type": "Hex High Entropy String",
        "filename": "tests/data/robotics_ieee_spectrum_rss.xml",
        "hashed_secret": "d9366a242c1cb8bb96a516a4073263de9e3f1764",
        "is_verified": false,
        "line_number": 4
      },
      {
        "type": "Hex High Entropy String",
        "filename": "tests/data/robotics_ieee_spectrum_rss.xml",
        "hashed_secret": "f4eff32b1718870c569d77baaf1e51bb3eef5db5",
        "is_verified": false,
        "line_number": 4
      },
      {
        "type": "Hex High Entropy String",
        "filename": "tests/data/robotics_ieee_spectrum_rss.xml",
        "hashed_secret": "f5f507d794cb3ef87380a6c42da37944bc6c7b9d",
        "is_verified": false,
        "line_number": 4
      },
      {
        "type": "Hex High Entropy String",
        "filename": "tests/data/robotics_ieee_spectrum_rss.xml",
        "hashed_secret": "f9968edaec6977ddad699b45127d4f7b5f0a6f38",
        "is_verified": false,
        "line_number": 4
      }
    ],
    "tests/test_check_secrets.py": [
      {
        "type": "Secret Keyword",
        "filename": "tests/test_check_secrets.py",
        "hashed_secret": "e6990da31cde35ffc1314c39308fb48f0dc48c40",
        "is_verified": false,
        "line_number": 75
      }
    ]
  },
  "generated_at": "2026-07-10T19:52:11Z"
}
